2026-07-23T14:36:14.249+08:00  INFO 13860 --- [pathocheck] [main] com.pathocheck.PathoCheckApplication     : Starting PathoCheckApplication using Java 21.0.11 with PID 13860 (C:\Users\19451\Documents\trae_projects\project_2\PathoCheck\backend\target\classes started by 1945177812 in C:\Users\19451\Documents\trae_projects\project_2\PathoCheck\backend)
2026-07-23T14:36:14.264+08:00  INFO 13860 --- [pathocheck] [main] com.pathocheck.PathoCheckApplication     : No active profile set, falling back to 1 default profile: "default"
2026-07-23T14:36:15.112+08:00  INFO 13860 --- [pathocheck] [main] o.s.boot.tomcat.TomcatWebServer          : Tomcat initialized with port 8080 (http)
2026-07-23T14:36:15.129+08:00  INFO 13860 --- [pathocheck] [main] o.apache.catalina.core.StandardService   : Starting service [Tomcat]
2026-07-23T14:36:15.130+08:00  INFO 13860 --- [pathocheck] [main] o.apache.catalina.core.StandardEngine    : Starting Servlet engine: [Apache Tomcat/11.0.22]
2026-07-23T14:36:15.240+08:00  INFO 13860 --- [pathocheck] [main] b.w.c.s.WebApplicationContextInitializer : Root WebApplicationContext: initialization completed in 932 ms
2026-07-23T14:36:15.618+08:00  INFO 13860 --- [pathocheck] [main] o.s.boot.tomcat.TomcatWebServer          : Tomcat started on port 8080 (http) with context path '/'
2026-07-23T14:36:15.621+08:00  INFO 13860 --- [pathocheck] [main] com.pathocheck.PathoCheckApplication     : Started PathoCheckApplication in 1.806 seconds (process running for 2.646)
2026-07-23T14:37:16.131+08:00  INFO 13860 --- [pathocheck] [http-nio-8080-exec-1] o.a.c.c.C.[Tomcat].[localhost].[/]       : Initializing Spring DispatcherServlet 'dispatcherServlet'
2026-07-23T14:37:16.132+08:00  INFO 13860 --- [pathocheck] [http-nio-8080-exec-1] o.s.web.servlet.DispatcherServlet        : Initializing Servlet 'dispatcherServlet'
2026-07-23T14:37:16.134+08:00  INFO 13860 --- [pathocheck] [http-nio-8080-exec-1] o.s.web.servlet.DispatcherServlet        : Completed initialization in 1 ms
2026-07-23T14:37:48.878+08:00  INFO 13860 --- [pathocheck] [http-nio-8080-exec-3] com.zaxxer.hikari.HikariDataSource       : HikariPool-1 - Starting...
2026-07-23T14:37:50.244+08:00 ERROR 13860 --- [pathocheck] [http-nio-8080-exec-3] com.pathocheck.PathoCheckService         : SELECT_IMAGE image=q凛.jpg result=FAILED message=Failed to obtain JDBC Connection
2026-07-23T14:53:14.415+08:00  INFO 13860 --- [pathocheck] [http-nio-8080-exec-4] com.zaxxer.hikari.HikariDataSource       : HikariPool-1 - Starting...
2026-07-23T14:53:15.428+08:00  INFO 13860 --- [pathocheck] [http-nio-8080-exec-6] com.zaxxer.hikari.HikariDataSource       : HikariPool-1 - Starting...
2026-07-23T15:06:15.436+08:00  INFO 8680 --- [pathocheck] [main] com.pathocheck.PathoCheckApplication     : Starting PathoCheckApplication using Java 23.0.1 with PID 8680 (E:\PathoCheck\backend\target\classes started by ALEPH in E:\PathoCheck\backend)
2026-07-23T15:06:15.437+08:00  INFO 8680 --- [pathocheck] [main] com.pathocheck.PathoCheckApplication     : No active profile set, falling back to 1 default profile: "default"
2026-07-23T15:06:15.878+08:00  INFO 8680 --- [pathocheck] [main] o.s.boot.tomcat.TomcatWebServer          : Tomcat initialized with port 8080 (http)
2026-07-23T15:06:15.887+08:00  INFO 8680 --- [pathocheck] [main] o.apache.catalina.core.StandardService   : Starting service [Tomcat]
2026-07-23T15:06:15.887+08:00  INFO 8680 --- [pathocheck] [main] o.apache.catalina.core.StandardEngine    : Starting Servlet engine: [Apache Tomcat/11.0.22]
2026-07-23T15:06:15.917+08:00  INFO 8680 --- [pathocheck] [main] b.w.c.s.WebApplicationContextInitializer : Root WebApplicationContext: initialization completed in 450 ms
2026-07-23T15:06:16.126+08:00  INFO 8680 --- [pathocheck] [main] o.s.boot.tomcat.TomcatWebServer          : Tomcat started on port 8080 (http) with context path '/'
2026-07-23T15:06:16.129+08:00  INFO 8680 --- [pathocheck] [main] com.pathocheck.PathoCheckApplication     : Started PathoCheckApplication in 0.934 seconds (process running for 1.154)
2026-07-23T15:14:55.842+08:00  INFO 8680 --- [pathocheck] [http-nio-8080-exec-2] o.a.c.c.C.[Tomcat].[localhost].[/]       : Initializing Spring DispatcherServlet 'dispatcherServlet'
2026-07-23T15:14:55.842+08:00  INFO 8680 --- [pathocheck] [http-nio-8080-exec-2] o.s.web.servlet.DispatcherServlet        : Initializing Servlet 'dispatcherServlet'
2026-07-23T15:14:55.843+08:00  INFO 8680 --- [pathocheck] [http-nio-8080-exec-2] o.s.web.servlet.DispatcherServlet        : Completed initialization in 1 ms
2026-07-23T15:14:55.861+08:00  INFO 8680 --- [pathocheck] [http-nio-8080-exec-2] com.zaxxer.hikari.HikariDataSource       : HikariPool-1 - Starting...
2026-07-23T15:14:56.919+08:00  INFO 8680 --- [pathocheck] [http-nio-8080-exec-1] com.zaxxer.hikari.HikariDataSource       : HikariPool-1 - Starting...
2026-07-23T15:17:43.040+08:00  INFO 24356 --- [pathocheck] [main] com.pathocheck.PathoCheckApplication     : Starting PathoCheckApplication using Java 23.0.1 with PID 24356 (E:\PathoCheck\backend\target\classes started by ALEPH in E:\PathoCheck\backend)
2026-07-23T15:17:43.041+08:00  INFO 24356 --- [pathocheck] [main] com.pathocheck.PathoCheckApplication     : No active profile set, falling back to 1 default profile: "default"
2026-07-23T15:17:43.461+08:00  INFO 24356 --- [pathocheck] [main] o.s.boot.tomcat.TomcatWebServer          : Tomcat initialized with port 8080 (http)
2026-07-23T15:17:43.470+08:00  INFO 24356 --- [pathocheck] [main] o.apache.catalina.core.StandardService   : Starting service [Tomcat]
2026-07-23T15:17:43.470+08:00  INFO 24356 --- [pathocheck] [main] o.apache.catalina.core.StandardEngine    : Starting Servlet engine: [Apache Tomcat/11.0.22]
2026-07-23T15:17:43.500+08:00  INFO 24356 --- [pathocheck] [main] b.w.c.s.WebApplicationContextInitializer : Root WebApplicationContext: initialization completed in 429 ms
2026-07-23T15:17:43.692+08:00  INFO 24356 --- [pathocheck] [main] o.s.boot.tomcat.TomcatWebServer          : Tomcat started on port 8080 (http) with context path '/'
2026-07-23T15:17:43.694+08:00  INFO 24356 --- [pathocheck] [main] com.pathocheck.PathoCheckApplication     : Started PathoCheckApplication in 0.893 seconds (process running for 1.116)
2026-07-23T15:18:17.828+08:00  INFO 24356 --- [pathocheck] [http-nio-8080-exec-3] o.a.c.c.C.[Tomcat].[localhost].[/]       : Initializing Spring DispatcherServlet 'dispatcherServlet'
2026-07-23T15:18:17.829+08:00  INFO 24356 --- [pathocheck] [http-nio-8080-exec-3] o.s.web.servlet.DispatcherServlet        : Initializing Servlet 'dispatcherServlet'
2026-07-23T15:18:17.830+08:00  INFO 24356 --- [pathocheck] [http-nio-8080-exec-3] o.s.web.servlet.DispatcherServlet        : Completed initialization in 0 ms
2026-07-23T15:18:17.846+08:00  INFO 24356 --- [pathocheck] [http-nio-8080-exec-3] com.zaxxer.hikari.HikariDataSource       : HikariPool-1 - Starting...
2026-07-23T15:18:18.894+08:00  INFO 24356 --- [pathocheck] [http-nio-8080-exec-1] com.zaxxer.hikari.HikariDataSource       : HikariPool-1 - Starting...
2026-07-23T15:19:41.762+08:00  INFO 24356 --- [pathocheck] [http-nio-8080-exec-2] com.zaxxer.hikari.HikariDataSource       : HikariPool-1 - Starting...
2026-07-23T15:19:43.238+08:00 ERROR 24356 --- [pathocheck] [http-nio-8080-exec-2] com.pathocheck.PathoCheckService         : LOAD_DATASET dataset=CRC-VAL-HE-7K result=FAILED message=Failed to obtain JDBC Connection
2026-07-23T15:22:22.519+08:00  INFO 25940 --- [pathocheck] [main] com.pathocheck.PathoCheckApplication     : Starting PathoCheckApplication using Java 23.0.1 with PID 25940 (E:\PathoCheck\backend\target\classes started by ALEPH in E:\PathoCheck\backend)
2026-07-23T15:22:22.521+08:00  INFO 25940 --- [pathocheck] [main] com.pathocheck.PathoCheckApplication     : No active profile set, falling back to 1 default profile: "default"
2026-07-23T15:22:22.936+08:00  INFO 25940 --- [pathocheck] [main] o.s.boot.tomcat.TomcatWebServer          : Tomcat initialized with port 8080 (http)
2026-07-23T15:22:22.944+08:00  INFO 25940 --- [pathocheck] [main] o.apache.catalina.core.StandardService   : Starting service [Tomcat]
2026-07-23T15:22:22.945+08:00  INFO 25940 --- [pathocheck] [main] o.apache.catalina.core.StandardEngine    : Starting Servlet engine: [Apache Tomcat/11.0.22]
2026-07-23T15:22:22.972+08:00  INFO 25940 --- [pathocheck] [main] b.w.c.s.WebApplicationContextInitializer : Root WebApplicationContext: initialization completed in 422 ms
2026-07-23T15:22:23.163+08:00  INFO 25940 --- [pathocheck] [main] o.s.boot.tomcat.TomcatWebServer          : Tomcat started on port 8080 (http) with context path '/'
2026-07-23T15:22:23.165+08:00  INFO 25940 --- [pathocheck] [main] com.pathocheck.PathoCheckApplication     : Started PathoCheckApplication in 0.883 seconds (process running for 1.098)
2026-07-23T15:22:41.950+08:00  INFO 25940 --- [pathocheck] [http-nio-8080-exec-1] o.a.c.c.C.[Tomcat].[localhost].[/]       : Initializing Spring DispatcherServlet 'dispatcherServlet'
2026-07-23T15:22:41.950+08:00  INFO 25940 --- [pathocheck] [http-nio-8080-exec-1] o.s.web.servlet.DispatcherServlet        : Initializing Servlet 'dispatcherServlet'
2026-07-23T15:22:41.951+08:00  INFO 25940 --- [pathocheck] [http-nio-8080-exec-1] o.s.web.servlet.DispatcherServlet        : Completed initialization in 0 ms
2026-07-23T15:22:41.968+08:00  INFO 25940 --- [pathocheck] [http-nio-8080-exec-2] com.zaxxer.hikari.HikariDataSource       : HikariPool-1 - Starting...
2026-07-23T15:22:43.016+08:00  INFO 25940 --- [pathocheck] [http-nio-8080-exec-1] com.zaxxer.hikari.HikariDataSource       : HikariPool-1 - Starting...
2026-07-23T15:25:34.728+08:00  INFO 25660 --- [pathocheck] [main] com.pathocheck.PathoCheckApplication     : Starting PathoCheckApplication using Java 23.0.1 with PID 25660 (E:\PathoCheck\backend\target\classes started by ALEPH in E:\PathoCheck\backend)
2026-07-23T15:25:34.730+08:00  INFO 25660 --- [pathocheck] [main] com.pathocheck.PathoCheckApplication     : No active profile set, falling back to 1 default profile: "default"
2026-07-23T15:25:35.168+08:00  INFO 25660 --- [pathocheck] [main] o.s.boot.tomcat.TomcatWebServer          : Tomcat initialized with port 8080 (http)
2026-07-23T15:25:35.176+08:00  INFO 25660 --- [pathocheck] [main] o.apache.catalina.core.StandardService   : Starting service [Tomcat]
2026-07-23T15:25:35.176+08:00  INFO 25660 --- [pathocheck] [main] o.apache.catalina.core.StandardEngine    : Starting Servlet engine: [Apache Tomcat/11.0.22]
2026-07-23T15:25:35.204+08:00  INFO 25660 --- [pathocheck] [main] b.w.c.s.WebApplicationContextInitializer : Root WebApplicationContext: initialization completed in 443 ms
2026-07-23T15:25:35.398+08:00  INFO 25660 --- [pathocheck] [main] o.s.boot.tomcat.TomcatWebServer          : Tomcat started on port 8080 (http) with context path '/'
2026-07-23T15:25:35.401+08:00  INFO 25660 --- [pathocheck] [main] com.pathocheck.PathoCheckApplication     : Started PathoCheckApplication in 0.926 seconds (process running for 1.159)
2026-07-23T15:25:45.589+08:00  INFO 25660 --- [pathocheck] [http-nio-8080-exec-2] o.a.c.c.C.[Tomcat].[localhost].[/]       : Initializing Spring DispatcherServlet 'dispatcherServlet'
2026-07-23T15:25:45.589+08:00  INFO 25660 --- [pathocheck] [http-nio-8080-exec-2] o.s.web.servlet.DispatcherServlet        : Initializing Servlet 'dispatcherServlet'
2026-07-23T15:25:45.590+08:00  INFO 25660 --- [pathocheck] [http-nio-8080-exec-2] o.s.web.servlet.DispatcherServlet        : Completed initialization in 1 ms
2026-07-23T15:25:45.606+08:00  INFO 25660 --- [pathocheck] [http-nio-8080-exec-2] com.zaxxer.hikari.HikariDataSource       : HikariPool-1 - Starting...
2026-07-23T15:25:45.706+08:00  INFO 25660 --- [pathocheck] [http-nio-8080-exec-2] com.zaxxer.hikari.pool.HikariPool        : HikariPool-1 - Added connection com.mysql.cj.jdbc.ConnectionImpl@78aa40a
2026-07-23T15:25:45.707+08:00  INFO 25660 --- [pathocheck] [http-nio-8080-exec-2] com.zaxxer.hikari.HikariDataSource       : HikariPool-1 - Start completed.
2026-07-23T15:27:09.960+08:00  INFO 25660 --- [pathocheck] [http-nio-8080-exec-3] com.pathocheck.PathoCheckService         : LOAD_DATASET dataset=CRC-VAL-HE-7K images=7180 valid=5994 invalid=1186 result=SUCCESS
2026-07-23T15:27:24.556+08:00  INFO 25660 --- [pathocheck] [http-nio-8080-exec-9] com.pathocheck.PathoCheckService         : DELETE_DATASET datasetId=2 dataset=CRC-VAL-HE-7K result=SUCCESS
2026-07-23T15:27:29.077+08:00  INFO 25660 --- [pathocheck] [http-nio-8080-exec-1] com.pathocheck.PathoCheckService         : DELETE_DATASET datasetId=3 dataset=CRC-VAL-HE-7K result=SUCCESS
